// Jest Snapshot v1, https://goo.gl/fbAQLP

exports[`Entries should have same snapshot 1`] = `
ShallowWrapper {
  Symbol(enzyme.__root__): [Circular],
  Symbol(enzyme.__unrendered__): <Entries
    entry={
      Object {
        "duration": 249,
        "entryNumber": 1,
        "name": "Talk by Agustin Murray",
      }
    }
  />,
  Symbol(enzyme.__renderer__): Object {
    "batchedUpdates": [Function],
    "getNode": [Function],
    "render": [Function],
    "simulateError": [Function],
    "simulateEvent": [Function],
    "unmount": [Function],
  },
  Symbol(enzyme.__node__): Object {
    "instance": null,
    "key": undefined,
    "nodeType": "host",
    "props": Object {
      "children": Array [
        <div
          className="entry-image-div"
        >
           
          <img
            className="entry-image"
            src="img/playbutton.png"
          />
        </div>,
        <div
          className="entry-name"
        >
          Talk by Agustin Murray
        </div>,
        <div
          className="entry-lecture-length"
        >
          04:09
        </div>,
      ],
      "className": "entry-course-items",
    },
    "ref": null,
    "rendered": Array [
      Object {
        "instance": null,
        "key": undefined,
        "nodeType": "host",
        "props": Object {
          "children": Array [
            " ",
            <img
              className="entry-image"
              src="img/playbutton.png"
            />,
          ],
          "className": "entry-image-div",
        },
        "ref": null,
        "rendered": Array [
          " ",
          Object {
            "instance": null,
            "key": undefined,
            "nodeType": "host",
            "props": Object {
              "className": "entry-image",
              "src": "img/playbutton.png",
            },
            "ref": null,
            "rendered": null,
            "type": "img",
          },
        ],
        "type": "div",
      },
      Object {
        "instance": null,
        "key": undefined,
        "nodeType": "host",
        "props": Object {
          "children": "Talk by Agustin Murray",
          "className": "entry-name",
        },
        "ref": null,
        "rendered": "Talk by Agustin Murray",
        "type": "div",
      },
      Object {
        "instance": null,
        "key": undefined,
        "nodeType": "host",
        "props": Object {
          "children": "04:09",
          "className": "entry-lecture-length",
        },
        "ref": null,
        "rendered": "04:09",
        "type": "div",
      },
    ],
    "type": "div",
  },
  Symbol(enzyme.__nodes__): Array [
    Object {
      "instance": null,
      "key": undefined,
      "nodeType": "host",
      "props": Object {
        "children": Array [
          <div
            className="entry-image-div"
          >
             
            <img
              className="entry-image"
              src="img/playbutton.png"
            />
          </div>,
          <div
            className="entry-name"
          >
            Talk by Agustin Murray
          </div>,
          <div
            className="entry-lecture-length"
          >
            04:09
          </div>,
        ],
        "className": "entry-course-items",
      },
      "ref": null,
      "rendered": Array [
        Object {
          "instance": null,
          "key": undefined,
          "nodeType": "host",
          "props": Object {
            "children": Array [
              " ",
              <img
                className="entry-image"
                src="img/playbutton.png"
              />,
            ],
            "className": "entry-image-div",
          },
          "ref": null,
          "rendered": Array [
            " ",
            Object {
              "instance": null,
              "key": undefined,
              "nodeType": "host",
              "props": Object {
                "className": "entry-image",
                "src": "img/playbutton.png",
              },
              "ref": null,
              "rendered": null,
              "type": "img",
            },
          ],
          "type": "div",
        },
        Object {
          "instance": null,
          "key": undefined,
          "nodeType": "host",
          "props": Object {
            "children": "Talk by Agustin Murray",
            "className": "entry-name",
          },
          "ref": null,
          "rendered": "Talk by Agustin Murray",
          "type": "div",
        },
        Object {
          "instance": null,
          "key": undefined,
          "nodeType": "host",
          "props": Object {
            "children": "04:09",
            "className": "entry-lecture-length",
          },
          "ref": null,
          "rendered": "04:09",
          "type": "div",
        },
      ],
      "type": "div",
    },
  ],
  Symbol(enzyme.__options__): Object {
    "adapter": ReactSixteenAdapter {
      "options": Object {
        "enableComponentDidUpdateOnSetState": true,
        "lifecycles": Object {
          "componentDidUpdate": Object {
            "onSetState": true,
          },
          "getDerivedStateFromProps": true,
          "getSnapshotBeforeUpdate": true,
          "setState": Object {
            "skipsComponentDidUpdateOnNullish": true,
          },
        },
      },
    },
  },
}
`;
